Archive member included to satisfy reference by file (symbol)

d:/stm32cubeide1.4.0/stm32cubeide_1.4.0/stm32cubeide/plugins/com.st.stm32cube.ide.mcu.externaltools.gnu-tools-for-stm32.7-2018-q2-update.win32_1.4.0.202007081208/tools/bin/../lib/gcc/arm-none-eabi/7.3.1/../../../../arm-none-eabi/lib/thumb/v7e-m/fpv4-sp/hard\libc_nano.a(lib_a-errno.o)
                              Src/syscalls.o (__errno)
d:/stm32cubeide1.4.0/stm32cubeide_1.4.0/stm32cubeide/plugins/com.st.stm32cube.ide.mcu.externaltools.gnu-tools-for-stm32.7-2018-q2-update.win32_1.4.0.202007081208/tools/bin/../lib/gcc/arm-none-eabi/7.3.1/../../../../arm-none-eabi/lib/thumb/v7e-m/fpv4-sp/hard\libc_nano.a(lib_a-exit.o)
                              d:/stm32cubeide1.4.0/stm32cubeide_1.4.0/stm32cubeide/plugins/com.st.stm32cube.ide.mcu.externaltools.gnu-tools-for-stm32.7-2018-q2-update.win32_1.4.0.202007081208/tools/bin/../lib/gcc/arm-none-eabi/7.3.1/../../../../arm-none-eabi/lib/thumb/v7e-m/fpv4-sp/hard/crt0.o (exit)
d:/stm32cubeide1.4.0/stm32cubeide_1.4.0/stm32cubeide/plugins/com.st.stm32cube.ide.mcu.externaltools.gnu-tools-for-stm32.7-2018-q2-update.win32_1.4.0.202007081208/tools/bin/../lib/gcc/arm-none-eabi/7.3.1/../../../../arm-none-eabi/lib/thumb/v7e-m/fpv4-sp/hard\libc_nano.a(lib_a-impure.o)
                              d:/stm32cubeide1.4.0/stm32cubeide_1.4.0/stm32cubeide/plugins/com.st.stm32cube.ide.mcu.externaltools.gnu-tools-for-stm32.7-2018-q2-update.win32_1.4.0.202007081208/tools/bin/../lib/gcc/arm-none-eabi/7.3.1/../../../../arm-none-eabi/lib/thumb/v7e-m/fpv4-sp/hard\libc_nano.a(lib_a-exit.o) (_global_impure_ptr)
d:/stm32cubeide1.4.0/stm32cubeide_1.4.0/stm32cubeide/plugins/com.st.stm32cube.ide.mcu.externaltools.gnu-tools-for-stm32.7-2018-q2-update.win32_1.4.0.202007081208/tools/bin/../lib/gcc/arm-none-eabi/7.3.1/../../../../arm-none-eabi/lib/thumb/v7e-m/fpv4-sp/hard\libc_nano.a(lib_a-init.o)
                              d:/stm32cubeide1.4.0/stm32cubeide_1.4.0/stm32cubeide/plugins/com.st.stm32cube.ide.mcu.externaltools.gnu-tools-for-stm32.7-2018-q2-update.win32_1.4.0.202007081208/tools/bin/../lib/gcc/arm-none-eabi/7.3.1/../../../../arm-none-eabi/lib/thumb/v7e-m/fpv4-sp/hard/crt0.o (__libc_init_array)
d:/stm32cubeide1.4.0/stm32cubeide_1.4.0/stm32cubeide/plugins/com.st.stm32cube.ide.mcu.externaltools.gnu-tools-for-stm32.7-2018-q2-update.win32_1.4.0.202007081208/tools/bin/../lib/gcc/arm-none-eabi/7.3.1/../../../../arm-none-eabi/lib/thumb/v7e-m/fpv4-sp/hard\libc_nano.a(lib_a-memset.o)
                              d:/stm32cubeide1.4.0/stm32cubeide_1.4.0/stm32cubeide/plugins/com.st.stm32cube.ide.mcu.externaltools.gnu-tools-for-stm32.7-2018-q2-update.win32_1.4.0.202007081208/tools/bin/../lib/gcc/arm-none-eabi/7.3.1/../../../../arm-none-eabi/lib/thumb/v7e-m/fpv4-sp/hard/crt0.o (memset)
d:/stm32cubeide1.4.0/stm32cubeide_1.4.0/stm32cubeide/plugins/com.st.stm32cube.ide.mcu.externaltools.gnu-tools-for-stm32.7-2018-q2-update.win32_1.4.0.202007081208/tools/bin/../lib/gcc/arm-none-eabi/7.3.1/../../../../arm-none-eabi/lib/thumb/v7e-m/fpv4-sp/hard\libc_nano.a(lib_a-strcmp.o)
                              Src/main.o (strcmp)

Discarded input sections

 .text          0x0000000000000000        0x0 d:/stm32cubeide1.4.0/stm32cubeide_1.4.0/stm32cubeide/plugins/com.st.stm32cube.ide.mcu.externaltools.gnu-tools-for-stm32.7-2018-q2-update.win32_1.4.0.202007081208/tools/bin/../lib/gcc/arm-none-eabi/7.3.1/thumb/v7e-m/fpv4-sp/hard/crti.o
 .data          0x0000000000000000        0x0 d:/stm32cubeide1.4.0/stm32cubeide_1.4.0/stm32cubeide/plugins/com.st.stm32cube.ide.mcu.externaltools.gnu-tools-for-stm32.7-2018-q2-update.win32_1.4.0.202007081208/tools/bin/../lib/gcc/arm-none-eabi/7.3.1/thumb/v7e-m/fpv4-sp/hard/crti.o
 .bss           0x0000000000000000        0x0 d:/stm32cubeide1.4.0/stm32cubeide_1.4.0/stm32cubeide/plugins/com.st.stm32cube.ide.mcu.externaltools.gnu-tools-for-stm32.7-2018-q2-update.win32_1.4.0.202007081208/tools/bin/../lib/gcc/arm-none-eabi/7.3.1/thumb/v7e-m/fpv4-sp/hard/crti.o
 .data          0x0000000000000000        0x4 d:/stm32cubeide1.4.0/stm32cubeide_1.4.0/stm32cubeide/plugins/com.st.stm32cube.ide.mcu.externaltools.gnu-tools-for-stm32.7-2018-q2-update.win32_1.4.0.202007081208/tools/bin/../lib/gcc/arm-none-eabi/7.3.1/thumb/v7e-m/fpv4-sp/hard/crtbegin.o
 .text          0x0000000000000000       0x74 d:/stm32cubeide1.4.0/stm32cubeide_1.4.0/stm32cubeide/plugins/com.st.stm32cube.ide.mcu.externaltools.gnu-tools-for-stm32.7-2018-q2-update.win32_1.4.0.202007081208/tools/bin/../lib/gcc/arm-none-eabi/7.3.1/../../../../arm-none-eabi/lib/thumb/v7e-m/fpv4-sp/hard/crt0.o
 .data          0x0000000000000000        0x0 d:/stm32cubeide1.4.0/stm32cubeide_1.4.0/stm32cubeide/plugins/com.st.stm32cube.ide.mcu.externaltools.gnu-tools-for-stm32.7-2018-q2-update.win32_1.4.0.202007081208/tools/bin/../lib/gcc/arm-none-eabi/7.3.1/../../../../arm-none-eabi/lib/thumb/v7e-m/fpv4-sp/hard/crt0.o
[...]
Memory Configuration

Name             Origin             Length             Attributes
FLASH            0x0000000008000000 0x0000000000010000 xr
CCMRAM           0x0000000010000000 0x0000000000001000 xrw
RAM              0x0000000020000000 0x0000000000003000 xrw
*default*        0x0000000000000000 0xffffffffffffffff

Linker script and memory map

LOAD d:/stm32cubeide1.4.0/stm32cubeide_1.4.0/stm32cubeide/plugins/com.st.stm32cube.ide.mcu.externaltools.gnu-tools-for-stm32.7-2018-q2-update.win32_1.4.0.202007081208/tools/bin/../lib/gcc/arm-none-eabi/7.3.1/thumb/v7e-m/fpv4-sp/hard/crti.o
LOAD d:/stm32cubeide1.4.0/stm32cubeide_1.4.0/stm32cubeide/plugins/com.st.stm32cube.ide.mcu.externaltools.gnu-tools-for-stm32.7-2018-q2-update.win32_1.4.0.202007081208/tools/bin/../lib/gcc/arm-none-eabi/7.3.1/thumb/v7e-m/fpv4-sp/hard/crtbegin.o
LOAD d:/stm32cubeide1.4.0/stm32cubeide_1.4.0/stm32cubeide/plugins/com.st.stm32cube.ide.mcu.externaltools.gnu-tools-for-stm32.7-2018-q2-update.win32_1.4.0.202007081208/tools/bin/../lib/gcc/arm-none-eabi/7.3.1/../../../../arm-none-eabi/lib/thumb/v7e-m/fpv4-sp/hard/crt0.o
LOAD Drivers/STM32F3xx_HAL_Driver/Src/stm32f3xx_ll_dma.o
LOAD Drivers/STM32F3xx_HAL_Driver/Src/stm32f3xx_ll_exti.o
LOAD Drivers/STM32F3xx_HAL_Driver/Src/stm32f3xx_ll_gpio.o
LOAD Drivers/STM32F3xx_HAL_Driver/Src/stm32f3xx_ll_rcc.o
LOAD Drivers/STM32F3xx_HAL_Driver/Src/stm32f3xx_ll_usart.o
LOAD Drivers/STM32F3xx_HAL_Driver/Src/stm32f3xx_ll_utils.o
LOAD Src/gpio.o
LOAD Src/main.o
LOAD Src/stm32f3xx_it.o
LOAD Src/syscalls.o
LOAD Src/sysmem.o
LOAD Src/system_stm32f3xx.o
LOAD Src/usart.o
LOAD Startup/startup_stm32f303k8tx.o
START GROUP
LOAD d:/stm32cubeide1.4.0/stm32cubeide_1.4.0/stm32cubeide/plugins/com.st.stm32cube.ide.mcu.externaltools.gnu-tools-for-stm32.7-2018-q2-update.win32_1.4.0.202007081208/tools/bin/../lib/gcc/arm-none-eabi/7.3.1/../../../../arm-none-eabi/lib/thumb/v7e-m/fpv4-sp/hard\libc_nano.a
LOAD d:/stm32cubeide1.4.0/stm32cubeide_1.4.0/stm32cubeide/plugins/com.st.stm32cube.ide.mcu.externaltools.gnu-tools-for-stm32.7-2018-q2-update.win32_1.4.0.202007081208/tools/bin/../lib/gcc/arm-none-eabi/7.3.1/../../../../arm-none-eabi/lib/thumb/v7e-m/fpv4-sp/hard\libm.a
END GROUP
START GROUP
LOAD d:/stm32cubeide1.4.0/stm32cubeide_1.4.0/stm32cubeide/plugins/com.st.stm32cube.ide.mcu.externaltools.gnu-tools-for-stm32.7-2018-q2-update.win32_1.4.0.202007081208/tools/bin/../lib/gcc/arm-none-eabi/7.3.1/thumb/v7e-m/fpv4-sp/hard\libgcc.a
LOAD d:/stm32cubeide1.4.0/stm32cubeide_1.4.0/stm32cubeide/plugins/com.st.stm32cube.ide.mcu.externaltools.gnu-tools-for-stm32.7-2018-q2-update.win32_1.4.0.202007081208/tools/bin/../lib/gcc/arm-none-eabi/7.3.1/../../../../arm-none-eabi/lib/thumb/v7e-m/fpv4-sp/hard\libc_nano.a
END GROUP
START GROUP
LOAD d:/stm32cubeide1.4.0/stm32cubeide_1.4.0/stm32cubeide/plugins/com.st.stm32cube.ide.mcu.externaltools.gnu-tools-for-stm32.7-2018-q2-update.win32_1.4.0.202007081208/tools/bin/../lib/gcc/arm-none-eabi/7.3.1/thumb/v7e-m/fpv4-sp/hard\libgcc.a
LOAD d:/stm32cubeide1.4.0/stm32cubeide_1.4.0/stm32cubeide/plugins/com.st.stm32cube.ide.mcu.externaltools.gnu-tools-for-stm32.7-2018-q2-update.win32_1.4.0.202007081208/tools/bin/../lib/gcc/arm-none-eabi/7.3.1/../../../../arm-none-eabi/lib/thumb/v7e-m/fpv4-sp/hard\libc_nano.a
LOAD d:/stm32cubeide1.4.0/stm32cubeide_1.4.0/stm32cubeide/plugins/com.st.stm32cube.ide.mcu.externaltools.gnu-tools-for-stm32.7-2018-q2-update.win32_1.4.0.202007081208/tools/bin/../lib/gcc/arm-none-eabi/7.3.1/../../../../arm-none-eabi/lib/thumb/v7e-m/fpv4-sp/hard\libnosys.a
END GROUP
START GROUP
LOAD d:/stm32cubeide1.4.0/stm32cubeide_1.4.0/stm32cubeide/plugins/com.st.stm32cube.ide.mcu.externaltools.gnu-tools-for-stm32.7-2018-q2-update.win32_1.4.0.202007081208/tools/bin/../lib/gcc/arm-none-eabi/7.3.1/thumb/v7e-m/fpv4-sp/hard\libgcc.a
LOAD d:/stm32cubeide1.4.0/stm32cubeide_1.4.0/stm32cubeide/plugins/com.st.stm32cube.ide.mcu.externaltools.gnu-tools-for-stm32.7-2018-q2-update.win32_1.4.0.202007081208/tools/bin/../lib/gcc/arm-none-eabi/7.3.1/../../../../arm-none-eabi/lib/thumb/v7e-m/fpv4-sp/hard\libc_nano.a
LOAD d:/stm32cubeide1.4.0/stm32cubeide_1.4.0/stm32cubeide/plugins/com.st.stm32cube.ide.mcu.externaltools.gnu-tools-for-stm32.7-2018-q2-update.win32_1.4.0.202007081208/tools/bin/../lib/gcc/arm-none-eabi/7.3.1/../../../../arm-none-eabi/lib/thumb/v7e-m/fpv4-sp/hard\libnosys.a
END GROUP
LOAD d:/stm32cubeide1.4.0/stm32cubeide_1.4.0/stm32cubeide/plugins/com.st.stm32cube.ide.mcu.externaltools.gnu-tools-for-stm32.7-2018-q2-update.win32_1.4.0.202007081208/tools/bin/../lib/gcc/arm-none-eabi/7.3.1/thumb/v7e-m/fpv4-sp/hard/crtend.o
LOAD d:/stm32cubeide1.4.0/stm32cubeide_1.4.0/stm32cubeide/plugins/com.st.stm32cube.ide.mcu.externaltools.gnu-tools-for-stm32.7-2018-q2-update.win32_1.4.0.202007081208/tools/bin/../lib/gcc/arm-none-eabi/7.3.1/thumb/v7e-m/fpv4-sp/hard/crtn.o
                0x0000000020003000                _estack = 0x20003000
                0x0000000000000200                _Min_Heap_Size = 0x200
                0x0000000000000400                _Min_Stack_Size = 0x400

.isr_vector     0x0000000008000000      0x188
                0x0000000008000000                . = ALIGN (0x4)
 *(.isr_vector)
 .isr_vector    0x0000000008000000      0x188 Startup/startup_stm32f303k8tx.o
                0x0000000008000000                g_pfnVectors
                0x0000000008000188                . = ALIGN (0x4)

.text           0x0000000008000188     0x1348
                0x0000000008000188                . = ALIGN (0x4)
 *(.text)
 .text          0x0000000008000188       0x40 d:/stm32cubeide1.4.0/stm32cubeide_1.4.0/stm32cubeide/plugins/com.st.stm32cube.ide.mcu.externaltools.gnu-tools-for-stm32.7-2018-q2-update.win32_1.4.0.202007081208/tools/bin/../lib/gcc/arm-none-eabi/7.3.1/thumb/v7e-m/fpv4-sp/hard/crtbegin.o
 .text          0x00000000080001c8       0x14 d:/stm32cubeide1.4.0/stm32cubeide_1.4.0/stm32cubeide/plugins/com.st.stm32cube.ide.mcu.externaltools.gnu-tools-for-stm32.7-2018-q2-update.win32_1.4.0.202007081208/tools/bin/../lib/gcc/arm-none-eabi/7.3.1/../../../../arm-none-eabi/lib/thumb/v7e-m/fpv4-sp/hard\libc_nano.a(lib_a-strcmp.o)
                0x00000000080001c8                strcmp
 *(.text*)
 .text.LL_GPIO_SetPinMode
                0x00000000080001dc       0x5a Drivers/STM32F3xx_HAL_Driver/Src/stm32f3xx_ll_gpio.o
 .text.LL_GPIO_SetPinOutputType
                0x0000000008000236       0x30 Drivers/STM32F3xx_HAL_Driver/Src/stm32f3xx_ll_gpio.o
 .text.LL_GPIO_SetPinSpeed
                0x0000000008000266       0x5a Drivers/STM32F3xx_HAL_Driver/Src/stm32f3xx_ll_gpio.o
 .text.LL_GPIO_SetPinPull
                0x00000000080002c0       0x5a Drivers/STM32F3xx_HAL_Driver/Src/stm32f3xx_ll_gpio.o
 .text.LL_GPIO_SetAFPin_0_7
                0x000000000800031a       0x5a Drivers/STM32F3xx_HAL_Driver/Src/stm32f3xx_ll_gpio.o
 .text.LL_GPIO_SetAFPin_8_15
                0x0000000008000374       0x5e Drivers/STM32F3xx_HAL_Driver/Src/stm32f3xx_ll_gpio.o
 .text.LL_GPIO_Init
                0x00000000080003d2       0xf4 Drivers/STM32F3xx_HAL_Driver/Src/stm32f3xx_ll_gpio.o
                0x00000000080003d2                LL_GPIO_Init
 *fill*         0x00000000080004c6        0x2 
 .text.LL_RCC_HSI_IsReady
                0x00000000080004c8       0x24 Drivers/STM32F3xx_HAL_Driver/Src/stm32f3xx_ll_rcc.o
 .text.LL_RCC_LSE_IsReady
                0x00000000080004ec       0x24 Drivers/STM32F3xx_HAL_Driver/Src/stm32f3xx_ll_rcc.o
 .text.LL_RCC_GetSysClkSource
                0x0000000008000510       0x1c Drivers/STM32F3xx_HAL_Driver/Src/stm32f3xx_ll_rcc.o
 .text.LL_RCC_GetAHBPrescaler
                0x000000000800052c       0x1c Drivers/STM32F3xx_HAL_Driver/Src/stm32f3xx_ll_rcc.o
 .text.LL_RCC_GetAPB1Prescaler
                0x0000000008000548       0x1c Drivers/STM32F3xx_HAL_Driver/Src/stm32f3xx_ll_rcc.o
 .text.LL_RCC_GetAPB2Prescaler
                0x0000000008000564       0x1c Drivers/STM32F3xx_HAL_Driver/Src/stm32f3xx_ll_rcc.o
 .text.LL_RCC_GetUSARTClockSource
                0x0000000008000580       0x2c Drivers/STM32F3xx_HAL_Driver/Src/stm32f3xx_ll_rcc.o
 .text.LL_RCC_PLL_GetMainSource
                0x00000000080005ac       0x1c Drivers/STM32F3xx_HAL_Driver/Src/stm32f3xx_ll_rcc.o
 .text.LL_RCC_PLL_GetMultiplicator
                0x00000000080005c8       0x1c Drivers/STM32F3xx_HAL_Driver/Src/stm32f3xx_ll_rcc.o
 .text.LL_RCC_PLL_GetPrediv
                0x00000000080005e4       0x1c Drivers/STM32F3xx_HAL_Driver/Src/stm32f3xx_ll_rcc.o
 .text.LL_RCC_GetSystemClocksFreq
                0x0000000008000600       0x4a Drivers/STM32F3xx_HAL_Driver/Src/stm32f3xx_ll_rcc.o
                0x0000000008000600                LL_RCC_GetSystemClocksFreq
 *fill*         0x000000000800064a        0x2 
 .text.LL_RCC_GetUSARTClockFreq
                0x000000000800064c       0x80 Drivers/STM32F3xx_HAL_Driver/Src/stm32f3xx_ll_rcc.o
                0x000000000800064c                LL_RCC_GetUSARTClockFreq
 .text.RCC_GetSystemClockFreq
                0x00000000080006cc       0x44 Drivers/STM32F3xx_HAL_Driver/Src/stm32f3xx_ll_rcc.o
                0x00000000080006cc                RCC_GetSystemClockFreq
 .text.RCC_GetHCLKClockFreq
                0x0000000008000710       0x2c Drivers/STM32F3xx_HAL_Driver/Src/stm32f3xx_ll_rcc.o
                0x0000000008000710                RCC_GetHCLKClockFreq
 .text.RCC_GetPCLK1ClockFreq
                0x000000000800073c       0x28 Drivers/STM32F3xx_HAL_Driver/Src/stm32f3xx_ll_rcc.o
                0x000000000800073c                RCC_GetPCLK1ClockFreq
 .text.RCC_GetPCLK2ClockFreq
                0x0000000008000764       0x28 Drivers/STM32F3xx_HAL_Driver/Src/stm32f3xx_ll_rcc.o
                0x0000000008000764                RCC_GetPCLK2ClockFreq
 .text.RCC_PLL_GetFreqDomain_SYS
                0x000000000800078c       0x78 Drivers/STM32F3xx_HAL_Driver/Src/stm32f3xx_ll_rcc.o
                0x000000000800078c                RCC_PLL_GetFreqDomain_SYS
 .text.LL_USART_IsEnabled
                0x0000000008000804       0x26 Drivers/STM32F3xx_HAL_Driver/Src/stm32f3xx_ll_usart.o
 .text.LL_USART_SetStopBitsLength
                0x000000000800082a       0x26 Drivers/STM32F3xx_HAL_Driver/Src/stm32f3xx_ll_usart.o
 .text.LL_USART_SetHWFlowCtrl
                0x0000000008000850       0x26 Drivers/STM32F3xx_HAL_Driver/Src/stm32f3xx_ll_usart.o
 .text.LL_USART_SetBaudRate
                0x0000000008000876       0x64 Drivers/STM32F3xx_HAL_Driver/Src/stm32f3xx_ll_usart.o
 *fill*         0x00000000080008da        0x2 
 .text.LL_USART_Init
                0x00000000080008dc       0xd8 Drivers/STM32F3xx_HAL_Driver/Src/stm32f3xx_ll_usart.o
                0x00000000080008dc                LL_USART_Init
 .text.LL_InitTick
                0x00000000080009b4       0x34 Drivers/STM32F3xx_HAL_Driver/Src/stm32f3xx_ll_utils.o
 .text.LL_Init1msTick
                0x00000000080009e8       0x1a Drivers/STM32F3xx_HAL_Driver/Src/stm32f3xx_ll_utils.o
                0x00000000080009e8                LL_Init1msTick
 *fill*         0x0000000008000a02        0x2 
 .text.LL_mDelay
                0x0000000008000a04       0x48 Drivers/STM32F3xx_HAL_Driver/Src/stm32f3xx_ll_utils.o
                0x0000000008000a04                LL_mDelay
 .text.LL_SetSystemCoreClock
                0x0000000008000a4c       0x20 Drivers/STM32F3xx_HAL_Driver/Src/stm32f3xx_ll_utils.o
                0x0000000008000a4c                LL_SetSystemCoreClock
 .text.LL_AHB1_GRP1_EnableClock
                0x0000000008000a6c       0x30 Src/gpio.o
 .text.LL_GPIO_ResetOutputPin
                0x0000000008000a9c       0x1c Src/gpio.o
 .text.MX_GPIO_Init
                0x0000000008000ab8       0x58 Src/gpio.o
                0x0000000008000ab8                MX_GPIO_Init
 .text.NVIC_SetPriorityGrouping
                0x0000000008000b10       0x48 Src/main.o
 .text.LL_RCC_HSI_Enable
                0x0000000008000b58       0x20 Src/main.o
 .text.LL_RCC_HSI_IsReady
                0x0000000008000b78       0x24 Src/main.o
 .text.LL_RCC_HSI_SetCalibTrimming
                0x0000000008000b9c       0x2c Src/main.o
 .text.LL_RCC_SetSysClkSource
                0x0000000008000bc8       0x28 Src/main.o
 .text.LL_RCC_GetSysClkSource
                0x0000000008000bf0       0x1c Src/main.o
 .text.LL_RCC_SetAHBPrescaler
                0x0000000008000c0c       0x28 Src/main.o
 .text.LL_RCC_SetAPB1Prescaler
                0x0000000008000c34       0x28 Src/main.o
 .text.LL_RCC_SetAPB2Prescaler
                0x0000000008000c5c       0x28 Src/main.o
 .text.LL_APB1_GRP1_EnableClock
                0x0000000008000c84       0x30 Src/main.o
 .text.LL_APB2_GRP1_EnableClock
                0x0000000008000cb4       0x30 Src/main.o
 .text.LL_FLASH_SetLatency
                0x0000000008000ce4       0x28 Src/main.o
 .text.LL_FLASH_GetLatency
                0x0000000008000d0c       0x1c Src/main.o
 .text.LL_SYSTICK_SetClkSource
                0x0000000008000d28       0x38 Src/main.o
 .text.LL_USART_TransmitData8
                0x0000000008000d60       0x20 Src/main.o
 .text.LL_GPIO_ReadInputPort
                0x0000000008000d80       0x18 Src/main.o
 .text.LL_GPIO_SetOutputPin
                0x0000000008000d98       0x1c Src/main.o
 .text.LL_GPIO_ResetOutputPin
                0x0000000008000db4       0x1c Src/main.o
 .text.main     0x0000000008000dd0       0xbc Src/main.o
                0x0000000008000dd0                main
 .text.SystemClock_Config
                0x0000000008000e8c       0x6c Src/main.o
                0x0000000008000e8c                SystemClock_Config
 .text.process_serial_data
                0x0000000008000ef8       0xa8 Src/main.o
                0x0000000008000ef8                process_serial_data
 .text.Error_Handler
                0x0000000008000fa0        0xe Src/main.o
                0x0000000008000fa0                Error_Handler
 .text.LL_USART_IsActiveFlag_RXNE
                0x0000000008000fae       0x26 Src/stm32f3xx_it.o
 .text.LL_USART_ReceiveData8
                0x0000000008000fd4       0x1c Src/stm32f3xx_it.o
 .text.NMI_Handler
                0x0000000008000ff0        0xe Src/stm32f3xx_it.o
                0x0000000008000ff0                NMI_Handler
 .text.HardFault_Handler
                0x0000000008000ffe        0x6 Src/stm32f3xx_it.o
                0x0000000008000ffe                HardFault_Handler
 .text.MemManage_Handler
                0x0000000008001004        0x6 Src/stm32f3xx_it.o
                0x0000000008001004                MemManage_Handler
 .text.BusFault_Handler
                0x000000000800100a        0x6 Src/stm32f3xx_it.o
                0x000000000800100a                BusFault_Handler
 .text.UsageFault_Handler
                0x0000000008001010        0x6 Src/stm32f3xx_it.o
                0x0000000008001010                UsageFault_Handler
 .text.SVC_Handler
                0x0000000008001016        0xe Src/stm32f3xx_it.o
                0x0000000008001016                SVC_Handler
 .text.DebugMon_Handler
                0x0000000008001024        0xe Src/stm32f3xx_it.o
                0x0000000008001024                DebugMon_Handler
 .text.PendSV_Handler
                0x0000000008001032        0xe Src/stm32f3xx_it.o
                0x0000000008001032                PendSV_Handler
 .text.SysTick_Handler
                0x0000000008001040        0xe Src/stm32f3xx_it.o
                0x0000000008001040                SysTick_Handler
 *fill*         0x000000000800104e        0x2 
 .text.USART2_IRQHandler
                0x0000000008001050       0x28 Src/stm32f3xx_it.o
                0x0000000008001050                USART2_IRQHandler
 .text.SystemInit
                0x0000000008001078       0x94 Src/system_stm32f3xx.o
                0x0000000008001078                SystemInit
 .text.NVIC_GetPriorityGrouping
                0x000000000800110c       0x1c Src/usart.o
 .text.NVIC_EnableIRQ
                0x0000000008001128       0x34 Src/usart.o
 .text.NVIC_SetPriority
                0x000000000800115c       0x54 Src/usart.o
 .text.NVIC_EncodePriority
                0x00000000080011b0       0x66 Src/usart.o
 *fill*         0x0000000008001216        0x2 
 .text.LL_AHB1_GRP1_EnableClock
                0x0000000008001218       0x30 Src/usart.o
 .text.LL_APB1_GRP1_EnableClock
                0x0000000008001248       0x30 Src/usart.o
 .text.LL_USART_Enable
                0x0000000008001278       0x20 Src/usart.o
 .text.LL_USART_ConfigAsyncMode
                0x0000000008001298       0x2c Src/usart.o
 .text.LL_USART_EnableIT_RXNE
                0x00000000080012c4       0x20 Src/usart.o
 .text.LL_USART_DisableIT_CTS
                0x00000000080012e4       0x20 Src/usart.o
 .text.USART2_RegisterCallback
                0x0000000008001304       0x20 Src/usart.o
                0x0000000008001304                USART2_RegisterCallback
 .text.MX_USART2_UART_Init
                0x0000000008001324       0xd0 Src/usart.o
                0x0000000008001324                MX_USART2_UART_Init
 .text.rx_usart2
                0x00000000080013f4       0x28 Src/usart.o
                0x00000000080013f4                rx_usart2
 .text.Reset_Handler
                0x000000000800141c       0x50 Startup/startup_stm32f303k8tx.o
                0x000000000800141c                Reset_Handler
 .text.Default_Handler
                0x000000000800146c        0x2 Startup/startup_stm32f303k8tx.o
                0x000000000800146c                RTC_Alarm_IRQHandler
                0x000000000800146c                TIM1_CC_IRQHandler
                0x000000000800146c                PVD_IRQHandler
                0x000000000800146c                TAMP_STAMP_IRQHandler
                0x000000000800146c                EXTI3_IRQHandler
                0x000000000800146c                EXTI0_IRQHandler
                0x000000000800146c                FPU_IRQHandler
                0x000000000800146c                CAN_TX_IRQHandler
                0x000000000800146c                TIM1_UP_TIM16_IRQHandler
                0x000000000800146c                ADC1_2_IRQHandler
                0x000000000800146c                SPI1_IRQHandler
                0x000000000800146c                CAN_SCE_IRQHandler
                0x000000000800146c                DMA1_Channel4_IRQHandler
                0x000000000800146c                USART3_IRQHandler
                0x000000000800146c                DMA1_Channel7_IRQHandler
                0x000000000800146c                TIM7_DAC2_IRQHandler
                0x000000000800146c                CAN_RX1_IRQHandler
                0x000000000800146c                I2C1_EV_IRQHandler
                0x000000000800146c                DMA1_Channel6_IRQHandler
                0x000000000800146c                TIM3_IRQHandler
                0x000000000800146c                RCC_IRQHandler
                0x000000000800146c                DMA1_Channel1_IRQHandler
                0x000000000800146c                Default_Handler
                0x000000000800146c                EXTI15_10_IRQHandler
                0x000000000800146c                COMP2_IRQHandler
                0x000000000800146c                TIM6_DAC1_IRQHandler
                0x000000000800146c                EXTI9_5_IRQHandler
                0x000000000800146c                RTC_WKUP_IRQHandler
                0x000000000800146c                DMA1_Channel5_IRQHandler
                0x000000000800146c                EXTI4_IRQHandler
                0x000000000800146c                TIM1_TRG_COM_TIM17_IRQHandler
                0x000000000800146c                DMA1_Channel3_IRQHandler
                0x000000000800146c                WWDG_IRQHandler
                0x000000000800146c                TIM2_IRQHandler
                0x000000000800146c                EXTI1_IRQHandler
                0x000000000800146c                COMP4_6_IRQHandler
                0x000000000800146c                DMA1_Channel2_IRQHandler
                0x000000000800146c                FLASH_IRQHandler
                0x000000000800146c                USART1_IRQHandler
                0x000000000800146c                CAN_RX0_IRQHandler
                0x000000000800146c                I2C1_ER_IRQHandler
                0x000000000800146c                EXTI2_TSC_IRQHandler
                0x000000000800146c                TIM1_BRK_TIM15_IRQHandler
 *fill*         0x000000000800146e        0x2 
 .text.__libc_init_array
                0x0000000008001470       0x48 d:/stm32cubeide1.4.0/stm32cubeide_1.4.0/stm32cubeide/plugins/com.st.stm32cube.ide.mcu.externaltools.gnu-tools-for-stm32.7-2018-q2-update.win32_1.4.0.202007081208/tools/bin/../lib/gcc/arm-none-eabi/7.3.1/../../../../arm-none-eabi/lib/thumb/v7e-m/fpv4-sp/hard\libc_nano.a(lib_a-init.o)
                0x0000000008001470                __libc_init_array
 *(.glue_7)
 .glue_7        0x00000000080014b8        0x0 linker stubs
 *(.glue_7t)
 .glue_7t       0x00000000080014b8        0x0 linker stubs
 *(.eh_frame)
 .eh_frame      0x00000000080014b8        0x0 d:/stm32cubeide1.4.0/stm32cubeide_1.4.0/stm32cubeide/plugins/com.st.stm32cube.ide.mcu.externaltools.gnu-tools-for-stm32.7-2018-q2-update.win32_1.4.0.202007081208/tools/bin/../lib/gcc/arm-none-eabi/7.3.1/thumb/v7e-m/fpv4-sp/hard/crtbegin.o
 *(.init)
 .init          0x00000000080014b8        0x4 d:/stm32cubeide1.4.0/stm32cubeide_1.4.0/stm32cubeide/plugins/com.st.stm32cube.ide.mcu.externaltools.gnu-tools-for-stm32.7-2018-q2-update.win32_1.4.0.202007081208/tools/bin/../lib/gcc/arm-none-eabi/7.3.1/thumb/v7e-m/fpv4-sp/hard/crti.o
                0x00000000080014b8                _init
 .init          0x00000000080014bc        0x8 d:/stm32cubeide1.4.0/stm32cubeide_1.4.0/stm32cubeide/plugins/com.st.stm32cube.ide.mcu.externaltools.gnu-tools-for-stm32.7-2018-q2-update.win32_1.4.0.202007081208/tools/bin/../lib/gcc/arm-none-eabi/7.3.1/thumb/v7e-m/fpv4-sp/hard/crtn.o
 *(.fini)
 .fini          0x00000000080014c4        0x4 d:/stm32cubeide1.4.0/stm32cubeide_1.4.0/stm32cubeide/plugins/com.st.stm32cube.ide.mcu.externaltools.gnu-tools-for-stm32.7-2018-q2-update.win32_1.4.0.202007081208/tools/bin/../lib/gcc/arm-none-eabi/7.3.1/thumb/v7e-m/fpv4-sp/hard/crti.o
                0x00000000080014c4                _fini
 .fini          0x00000000080014c8        0x8 d:/stm32cubeide1.4.0/stm32cubeide_1.4.0/stm32cubeide/plugins/com.st.stm32cube.ide.mcu.externaltools.gnu-tools-for-stm32.7-2018-q2-update.win32_1.4.0.202007081208/tools/bin/../lib/gcc/arm-none-eabi/7.3.1/thumb/v7e-m/fpv4-sp/hard/crtn.o
                0x00000000080014d0                . = ALIGN (0x4)
                0x00000000080014d0                _etext = .

.vfp11_veneer   0x00000000080014d0        0x0
 .vfp11_veneer  0x00000000080014d0        0x0 linker stubs

.v4_bx          0x00000000080014d0        0x0
 .v4_bx         0x00000000080014d0        0x0 linker stubs

.iplt           0x00000000080014d0        0x0
 .iplt          0x00000000080014d0        0x0 d:/stm32cubeide1.4.0/stm32cubeide_1.4.0/stm32cubeide/plugins/com.st.stm32cube.ide.mcu.externaltools.gnu-tools-for-stm32.7-2018-q2-update.win32_1.4.0.202007081208/tools/bin/../lib/gcc/arm-none-eabi/7.3.1/thumb/v7e-m/fpv4-sp/hard/crtbegin.o

.rodata         0x00000000080014d0       0x28
                0x00000000080014d0                . = ALIGN (0x4)
 *(.rodata)
 .rodata        0x00000000080014d0        0xf Src/main.o
 *(.rodata*)
 *fill*         0x00000000080014df        0x1 
 .rodata.AHBPrescTable
                0x00000000080014e0       0x10 Src/system_stm32f3xx.o
                0x00000000080014e0                AHBPrescTable
 .rodata.APBPrescTable
                0x00000000080014f0        0x8 Src/system_stm32f3xx.o
                0x00000000080014f0                APBPrescTable
                0x00000000080014f8                . = ALIGN (0x4)

.rel.dyn        0x00000000080014f8        0x0
 .rel.iplt      0x00000000080014f8        0x0 d:/stm32cubeide1.4.0/stm32cubeide_1.4.0/stm32cubeide/plugins/com.st.stm32cube.ide.mcu.externaltools.gnu-tools-for-stm32.7-2018-q2-update.win32_1.4.0.202007081208/tools/bin/../lib/gcc/arm-none-eabi/7.3.1/thumb/v7e-m/fpv4-sp/hard/crtbegin.o

.ARM.extab      0x00000000080014f8        0x0
                0x00000000080014f8                . = ALIGN (0x4)
 *(.ARM.extab* .gnu.linkonce.armextab.*)
                0x00000000080014f8                . = ALIGN (0x4)

.ARM            0x00000000080014f8        0x0
                0x00000000080014f8                . = ALIGN (0x4)
                0x00000000080014f8                __exidx_start = .
 *(.ARM.exidx*)
                0x00000000080014f8                __exidx_end = .
                0x00000000080014f8                . = ALIGN (0x4)

.preinit_array  0x00000000080014f8        0x0
                0x00000000080014f8                . = ALIGN (0x4)
                0x00000000080014f8                PROVIDE (__preinit_array_start = .)
 *(.preinit_array*)
                0x00000000080014f8                PROVIDE (__preinit_array_end = .)
                0x00000000080014f8                . = ALIGN (0x4)

.init_array     0x00000000080014f8        0x4
                0x00000000080014f8                . = ALIGN (0x4)
                0x00000000080014f8                PROVIDE (__init_array_start = .)
 *(SORT_BY_NAME(.init_array.*))
 *(.init_array*)
 .init_array    0x00000000080014f8        0x4 d:/stm32cubeide1.4.0/stm32cubeide_1.4.0/stm32cubeide/plugins/com.st.stm32cube.ide.mcu.externaltools.gnu-tools-for-stm32.7-2018-q2-update.win32_1.4.0.202007081208/tools/bin/../lib/gcc/arm-none-eabi/7.3.1/thumb/v7e-m/fpv4-sp/hard/crtbegin.o
                0x00000000080014fc                PROVIDE (__init_array_end = .)
                0x00000000080014fc                . = ALIGN (0x4)

.fini_array     0x00000000080014fc        0x4
                0x00000000080014fc                . = ALIGN (0x4)
                [!provide]                        PROVIDE (__fini_array_start = .)
 *(SORT_BY_NAME(.fini_array.*))
 *(.fini_array*)
 .fini_array    0x00000000080014fc        0x4 d:/stm32cubeide1.4.0/stm32cubeide_1.4.0/stm32cubeide/plugins/com.st.stm32cube.ide.mcu.externaltools.gnu-tools-for-stm32.7-2018-q2-update.win32_1.4.0.202007081208/tools/bin/../lib/gcc/arm-none-eabi/7.3.1/thumb/v7e-m/fpv4-sp/hard/crtbegin.o
                [!provide]                        PROVIDE (__fini_array_end = .)
                0x0000000008001500                . = ALIGN (0x4)
                0x0000000008001500                _sidata = LOADADDR (.data)

.data           0x0000000020000000        0x4 load address 0x0000000008001500
                0x0000000020000000                . = ALIGN (0x4)
                0x0000000020000000                _sdata = .
 *(.data)
 *(.data*)
 .data.SystemCoreClock
                0x0000000020000000        0x4 Src/system_stm32f3xx.o
                0x0000000020000000                SystemCoreClock
                0x0000000020000004                . = ALIGN (0x4)
                0x0000000020000004                _edata = .

.igot.plt       0x0000000020000004        0x0 load address 0x0000000008001504
 .igot.plt      0x0000000020000004        0x0 d:/stm32cubeide1.4.0/stm32cubeide_1.4.0/stm32cubeide/plugins/com.st.stm32cube.ide.mcu.externaltools.gnu-tools-for-stm32.7-2018-q2-update.win32_1.4.0.202007081208/tools/bin/../lib/gcc/arm-none-eabi/7.3.1/thumb/v7e-m/fpv4-sp/hard/crtbegin.o
                0x0000000020000004                . = ALIGN (0x4)

.bss            0x0000000020000004       0x30 load address 0x0000000008001504
                0x0000000020000004                _sbss = .
                0x0000000020000004                __bss_start__ = _sbss
 *(.bss)
 .bss           0x0000000020000004       0x1c d:/stm32cubeide1.4.0/stm32cubeide_1.4.0/stm32cubeide/plugins/com.st.stm32cube.ide.mcu.externaltools.gnu-tools-for-stm32.7-2018-q2-update.win32_1.4.0.202007081208/tools/bin/../lib/gcc/arm-none-eabi/7.3.1/thumb/v7e-m/fpv4-sp/hard/crtbegin.o
 *(.bss*)
 .bss.stringOff.8982
                0x0000000020000020        0x6 Src/main.o
 *fill*         0x0000000020000026        0x2 
 .bss.stringOn.8983
                0x0000000020000028        0x5 Src/main.o
 *fill*         0x000000002000002d        0x3 
 .bss.usart2_callback
                0x0000000020000030        0x4 Src/usart.o
 *(COMMON)
                0x0000000020000034                . = ALIGN (0x4)
                0x0000000020000034                _ebss = .
                0x0000000020000034                __bss_end__ = _ebss

._user_heap_stack
                0x0000000020000034      0x604 load address 0x0000000008001504
                0x0000000020000038                . = ALIGN (0x8)
 *fill*         0x0000000020000034        0x4 
                0x0000000020000038                PROVIDE (end = .)
                [!provide]                        PROVIDE (_end = .)
                0x0000000020000238                . = (. + _Min_Heap_Size)
 *fill*         0x0000000020000038      0x200 
                0x0000000020000638                . = (. + _Min_Stack_Size)
 *fill*         0x0000000020000238      0x400 
                0x0000000020000638                . = ALIGN (0x8)

/DISCARD/
 libc.a(*)
 libm.a(*)
 libgcc.a(*)

.ARM.attributes
                0x0000000000000000       0x30
 *(.ARM.attributes)
 .ARM.attributes
                0x0000000000000000       0x22 d:/stm32cubeide1.4.0/stm32cubeide_1.4.0/stm32cubeide/plugins/com.st.stm32cube.ide.mcu.externaltools.gnu-tools-for-stm32.7-2018-q2-update.win32_1.4.0.202007081208/tools/bin/../lib/gcc/arm-none-eabi/7.3.1/thumb/v7e-m/fpv4-sp/hard/crti.o
 .ARM.attributes
                0x0000000000000022       0x34 d:/stm32cubeide1.4.0/stm32cubeide_1.4.0/stm32cubeide/plugins/com.st.stm32cube.ide.mcu.externaltools.gnu-tools-for-stm32.7-2018-q2-update.win32_1.4.0.202007081208/tools/bin/../lib/gcc/arm-none-eabi/7.3.1/thumb/v7e-m/fpv4-sp/hard/crtbegin.o
 .ARM.attributes
                0x0000000000000056       0x39 Drivers/STM32F3xx_HAL_Driver/Src/stm32f3xx_ll_gpio.o
 .ARM.attributes
                0x000000000000008f       0x39 Drivers/STM32F3xx_HAL_Driver/Src/stm32f3xx_ll_rcc.o
 .ARM.attributes
                0x00000000000000c8       0x39 Drivers/STM32F3xx_HAL_Driver/Src/stm32f3xx_ll_usart.o
 .ARM.attributes
                0x0000000000000101       0x39 Drivers/STM32F3xx_HAL_Driver/Src/stm32f3xx_ll_utils.o
 .ARM.attributes
                0x000000000000013a       0x39 Src/gpio.o
 .ARM.attributes
                0x0000000000000173       0x39 Src/main.o
 .ARM.attributes
                0x00000000000001ac       0x39 Src/stm32f3xx_it.o
 .ARM.attributes
                0x00000000000001e5       0x39 Src/system_stm32f3xx.o
 .ARM.attributes
                0x000000000000021e       0x39 Src/usart.o
 .ARM.attributes
                0x0000000000000257       0x21 Startup/startup_stm32f303k8tx.o
 .ARM.attributes
                0x0000000000000278       0x34 d:/stm32cubeide1.4.0/stm32cubeide_1.4.0/stm32cubeide/plugins/com.st.stm32cube.ide.mcu.externaltools.gnu-tools-for-stm32.7-2018-q2-update.win32_1.4.0.202007081208/tools/bin/../lib/gcc/arm-none-eabi/7.3.1/../../../../arm-none-eabi/lib/thumb/v7e-m/fpv4-sp/hard\libc_nano.a(lib_a-init.o)
 .ARM.attributes
                0x00000000000002ac       0x20 d:/stm32cubeide1.4.0/stm32cubeide_1.4.0/stm32cubeide/plugins/com.st.stm32cube.ide.mcu.externaltools.gnu-tools-for-stm32.7-2018-q2-update.win32_1.4.0.202007081208/tools/bin/../lib/gcc/arm-none-eabi/7.3.1/../../../../arm-none-eabi/lib/thumb/v7e-m/fpv4-sp/hard\libc_nano.a(lib_a-strcmp.o)
 .ARM.attributes
                0x00000000000002cc       0x22 d:/stm32cubeide1.4.0/stm32cubeide_1.4.0/stm32cubeide/plugins/com.st.stm32cube.ide.mcu.externaltools.gnu-tools-for-stm32.7-2018-q2-update.win32_1.4.0.202007081208/tools/bin/../lib/gcc/arm-none-eabi/7.3.1/thumb/v7e-m/fpv4-sp/hard/crtn.o
OUTPUT(vrs_cvicenie_6_UART.elf elf32-littlearm)

.debug_info     0x0000000000000000     0x455f
 .debug_info    0x0000000000000000      0x7e2 Drivers/STM32F3xx_HAL_Driver/Src/stm32f3xx_ll_gpio.o
 .debug_info    0x00000000000007e2      0x704 Drivers/STM32F3xx_HAL_Driver/Src/stm32f3xx_ll_rcc.o
 .debug_info    0x0000000000000ee6      0x6be Drivers/STM32F3xx_HAL_Driver/Src/stm32f3xx_ll_usart.o
 .debug_info    0x00000000000015a4      0x818 Drivers/STM32F3xx_HAL_Driver/Src/stm32f3xx_ll_utils.o
 .debug_info    0x0000000000001dbc      0x395 Src/gpio.o
 .debug_info    0x0000000000002151     0x11ea Src/main.o
 .debug_info    0x000000000000333b      0x318 Src/stm32f3xx_it.o
 .debug_info    0x0000000000003653      0x400 Src/system_stm32f3xx.o
 .debug_info    0x0000000000003a53      0xaea Src/usart.o
 .debug_info    0x000000000000453d       0x22 Startup/startup_stm32f303k8tx.o

.debug_abbrev   0x0000000000000000     0x10e8
 .debug_abbrev  0x0000000000000000      0x212 Drivers/STM32F3xx_HAL_Driver/Src/stm32f3xx_ll_gpio.o
 .debug_abbrev  0x0000000000000212      0x238 Drivers/STM32F3xx_HAL_Driver/Src/stm32f3xx_ll_rcc.o
 .debug_abbrev  0x000000000000044a      0x1b1 Drivers/STM32F3xx_HAL_Driver/Src/stm32f3xx_ll_usart.o
 .debug_abbrev  0x00000000000005fb      0x266 Drivers/STM32F3xx_HAL_Driver/Src/stm32f3xx_ll_utils.o
 .debug_abbrev  0x0000000000000861      0x15d Src/gpio.o
 .debug_abbrev  0x00000000000009be      0x2ab Src/main.o
 .debug_abbrev  0x0000000000000c69      0x13d Src/stm32f3xx_it.o
 .debug_abbrev  0x0000000000000da6      0x111 Src/system_stm32f3xx.o
 .debug_abbrev  0x0000000000000eb7      0x21f Src/usart.o
 .debug_abbrev  0x00000000000010d6       0x12 Startup/startup_stm32f303k8tx.o

.debug_aranges  0x0000000000000000      0x528
 .debug_aranges
                0x0000000000000000       0x70 Drivers/STM32F3xx_HAL_Driver/Src/stm32f3xx_ll_gpio.o
 .debug_aranges
                0x0000000000000070      0x100 Drivers/STM32F3xx_HAL_Driver/Src/stm32f3xx_ll_rcc.o
 .debug_aranges
                0x0000000000000170       0x88 Drivers/STM32F3xx_HAL_Driver/Src/stm32f3xx_ll_usart.o
 .debug_aranges
                0x00000000000001f8       0xf0 Drivers/STM32F3xx_HAL_Driver/Src/stm32f3xx_ll_utils.o
 .debug_aranges
                0x00000000000002e8       0x30 Src/gpio.o
 .debug_aranges
                0x0000000000000318       0xc8 Src/main.o
 .debug_aranges
                0x00000000000003e0       0x78 Src/stm32f3xx_it.o
 .debug_aranges
                0x0000000000000458       0x28 Src/system_stm32f3xx.o
 .debug_aranges
                0x0000000000000480       0x80 Src/usart.o
 .debug_aranges
                0x0000000000000500       0x28 Startup/startup_stm32f303k8tx.o

.debug_ranges   0x0000000000000000      0x490
 .debug_ranges  0x0000000000000000       0x60 Drivers/STM32F3xx_HAL_Driver/Src/stm32f3xx_ll_gpio.o
 .debug_ranges  0x0000000000000060       0xf0 Drivers/STM32F3xx_HAL_Driver/Src/stm32f3xx_ll_rcc.o
 .debug_ranges  0x0000000000000150       0x78 Drivers/STM32F3xx_HAL_Driver/Src/stm32f3xx_ll_usart.o
 .debug_ranges  0x00000000000001c8       0xe0 Drivers/STM32F3xx_HAL_Driver/Src/stm32f3xx_ll_utils.o
 .debug_ranges  0x00000000000002a8       0x20 Src/gpio.o
 .debug_ranges  0x00000000000002c8       0xb8 Src/main.o
 .debug_ranges  0x0000000000000380       0x68 Src/stm32f3xx_it.o
 .debug_ranges  0x00000000000003e8       0x18 Src/system_stm32f3xx.o
 .debug_ranges  0x0000000000000400       0x70 Src/usart.o
 .debug_ranges  0x0000000000000470       0x20 Startup/startup_stm32f303k8tx.o

.debug_macro    0x0000000000000000     0x2d2b
 .debug_macro   0x0000000000000000      0x10c Drivers/STM32F3xx_HAL_Driver/Src/stm32f3xx_ll_gpio.o
 .debug_macro   0x000000000000010c      0x149 Drivers/STM32F3xx_HAL_Driver/Src/stm32f3xx_ll_gpio.o
 .debug_macro   0x0000000000000255       0xff Drivers/STM32F3xx_HAL_Driver/Src/stm32f3xx_ll_rcc.o
 .debug_macro   0x0000000000000354      0x4d1 Drivers/STM32F3xx_HAL_Driver/Src/stm32f3xx_ll_rcc.o
 .debug_macro   0x0000000000000825      0x13f Drivers/STM32F3xx_HAL_Driver/Src/stm32f3xx_ll_usart.o
 .debug_macro   0x0000000000000964      0x2f1 Drivers/STM32F3xx_HAL_Driver/Src/stm32f3xx_ll_usart.o
 .debug_macro   0x0000000000000c55      0x4d7 Drivers/STM32F3xx_HAL_Driver/Src/stm32f3xx_ll_usart.o
 .debug_macro   0x000000000000112c      0x14a Drivers/STM32F3xx_HAL_Driver/Src/stm32f3xx_ll_utils.o
 .debug_macro   0x0000000000001276       0x30 Drivers/STM32F3xx_HAL_Driver/Src/stm32f3xx_ll_utils.o
 .debug_macro   0x00000000000012a6      0x2a5 Drivers/STM32F3xx_HAL_Driver/Src/stm32f3xx_ll_utils.o
 .debug_macro   0x000000000000154b       0xaf Drivers/STM32F3xx_HAL_Driver/Src/stm32f3xx_ll_utils.o
 .debug_macro   0x00000000000015fa      0x143 Src/gpio.o
 .debug_macro   0x000000000000173d      0x102 Src/gpio.o
 .debug_macro   0x000000000000183f       0x28 Src/gpio.o
 .debug_macro   0x0000000000001867      0x287 Src/gpio.o
 .debug_macro   0x0000000000001aee      0x2f7 Src/gpio.o
 .debug_macro   0x0000000000001de5      0x14f Src/gpio.o
 .debug_macro   0x0000000000001f34       0x22 Src/gpio.o
 .debug_macro   0x0000000000001f56      0x217 Src/main.o
 .debug_macro   0x000000000000216d       0x46 Src/main.o
 .debug_macro   0x00000000000021b3       0x18 Src/main.o
 .debug_macro   0x00000000000021cb       0x3c Src/main.o
 .debug_macro   0x0000000000002207       0x34 Src/main.o
 .debug_macro   0x000000000000223b      0x174 Src/main.o
 .debug_macro   0x00000000000023af       0x52 Src/main.o
 .debug_macro   0x0000000000002401       0x1f Src/main.o
 .debug_macro   0x0000000000002420       0x43 Src/main.o
 .debug_macro   0x0000000000002463       0x20 Src/main.o
 .debug_macro   0x0000000000002483      0x1a3 Src/main.o
 .debug_macro   0x0000000000002626      0x330 Src/main.o
 .debug_macro   0x0000000000002956       0x10 Src/main.o
 .debug_macro   0x0000000000002966       0x35 Src/main.o
 .debug_macro   0x000000000000299b       0x20 Src/main.o
 .debug_macro   0x00000000000029bb      0x151 Src/stm32f3xx_it.o
 .debug_macro   0x0000000000002b0c       0xdc Src/system_stm32f3xx.o
 .debug_macro   0x0000000000002be8      0x143 Src/usart.o

.debug_line     0x0000000000000000     0x4080
 .debug_line    0x0000000000000000      0x6db Drivers/STM32F3xx_HAL_Driver/Src/stm32f3xx_ll_gpio.o
 .debug_line    0x00000000000006db      0x7b6 Drivers/STM32F3xx_HAL_Driver/Src/stm32f3xx_ll_rcc.o
 .debug_line    0x0000000000000e91      0x68c Drivers/STM32F3xx_HAL_Driver/Src/stm32f3xx_ll_usart.o
 .debug_line    0x000000000000151d      0x7cf Drivers/STM32F3xx_HAL_Driver/Src/stm32f3xx_ll_utils.o
 .debug_line    0x0000000000001cec      0x610 Src/gpio.o
 .debug_line    0x00000000000022fc      0xa24 Src/main.o
 .debug_line    0x0000000000002d20      0x6db Src/stm32f3xx_it.o
 .debug_line    0x00000000000033fb      0x4f5 Src/system_stm32f3xx.o
 .debug_line    0x00000000000038f0      0x70f Src/usart.o
 .debug_line    0x0000000000003fff       0x81 Startup/startup_stm32f303k8tx.o

.debug_str      0x0000000000000000    0x707b9
 .debug_str     0x0000000000000000    0x645b9 Drivers/STM32F3xx_HAL_Driver/Src/stm32f3xx_ll_gpio.o
                                      0x6476a (size before relaxing)
 .debug_str     0x00000000000645b9     0x2839 Drivers/STM32F3xx_HAL_Driver/Src/stm32f3xx_ll_rcc.o
                                      0x65bdc (size before relaxing)
 .debug_str     0x0000000000066df2     0x1a4b Drivers/STM32F3xx_HAL_Driver/Src/stm32f3xx_ll_usart.o
                                      0x676f0 (size before relaxing)
 .debug_str     0x000000000006883d     0x2d33 Drivers/STM32F3xx_HAL_Driver/Src/stm32f3xx_ll_utils.o
                                      0x6844c (size before relaxing)
 .debug_str     0x000000000006b570     0x1922 Src/gpio.o
                                      0x6ad95 (size before relaxing)
 .debug_str     0x000000000006ce92     0x3383 Src/main.o
                                      0x6e307 (size before relaxing)
 .debug_str     0x0000000000070215       0xfb Src/stm32f3xx_it.o
                                      0x6ada2 (size before relaxing)
 .debug_str     0x0000000000070310       0xa0 Src/system_stm32f3xx.o
                                      0x6344c (size before relaxing)
 .debug_str     0x00000000000703b0      0x3d8 Src/usart.o
                                      0x6b33c (size before relaxing)
 .debug_str     0x0000000000070788       0x31 Startup/startup_stm32f303k8tx.o
                                         0x64 (size before relaxing)

.comment        0x0000000000000000       0x7b
 .comment       0x0000000000000000       0x7b Drivers/STM32F3xx_HAL_Driver/Src/stm32f3xx_ll_gpio.o
                                         0x7c (size before relaxing)
 .comment       0x000000000000007b       0x7c Drivers/STM32F3xx_HAL_Driver/Src/stm32f3xx_ll_rcc.o
 .comment       0x000000000000007b       0x7c Drivers/STM32F3xx_HAL_Driver/Src/stm32f3xx_ll_usart.o
 .comment       0x000000000000007b       0x7c Drivers/STM32F3xx_HAL_Driver/Src/stm32f3xx_ll_utils.o
 .comment       0x000000000000007b       0x7c Src/gpio.o
 .comment       0x000000000000007b       0x7c Src/main.o
 .comment       0x000000000000007b       0x7c Src/stm32f3xx_it.o
 .comment       0x000000000000007b       0x7c Src/system_stm32f3xx.o
 .comment       0x000000000000007b       0x7c Src/usart.o

.debug_frame    0x0000000000000000     0x13c8
 .debug_frame   0x0000000000000000      0x1c0 Drivers/STM32F3xx_HAL_Driver/Src/stm32f3xx_ll_gpio.o
 .debug_frame   0x00000000000001c0      0x408 Drivers/STM32F3xx_HAL_Driver/Src/stm32f3xx_ll_rcc.o
 .debug_frame   0x00000000000005c8      0x238 Drivers/STM32F3xx_HAL_Driver/Src/stm32f3xx_ll_usart.o
 .debug_frame   0x0000000000000800      0x3dc Drivers/STM32F3xx_HAL_Driver/Src/stm32f3xx_ll_utils.o
 .debug_frame   0x0000000000000bdc       0x84 Src/gpio.o
 .debug_frame   0x0000000000000c60      0x340 Src/main.o
 .debug_frame   0x0000000000000fa0      0x17c Src/stm32f3xx_it.o
 .debug_frame   0x000000000000111c       0x58 Src/system_stm32f3xx.o
 .debug_frame   0x0000000000001174      0x208 Src/usart.o
 .debug_frame   0x000000000000137c       0x2c d:/stm32cubeide1.4.0/stm32cubeide_1.4.0/stm32cubeide/plugins/com.st.stm32cube.ide.mcu.externaltools.gnu-tools-for-stm32.7-2018-q2-update.win32_1.4.0.202007081208/tools/bin/../lib/gcc/arm-none-eabi/7.3.1/../../../../arm-none-eabi/lib/thumb/v7e-m/fpv4-sp/hard\libc_nano.a(lib_a-init.o)
 .debug_frame   0x00000000000013a8       0x20 d:/stm32cubeide1.4.0/stm32cubeide_1.4.0/stm32cubeide/plugins/com.st.stm32cube.ide.mcu.externaltools.gnu-tools-for-stm32.7-2018-q2-update.win32_1.4.0.202007081208/tools/bin/../lib/gcc/arm-none-eabi/7.3.1/../../../../arm-none-eabi/lib/thumb/v7e-m/fpv4-sp/hard\libc_nano.a(lib_a-strcmp.o)
